simulating 9000 chips ...
  126/9000 usable, 192 simulated (0.66 kept, 12s)
  252/9000 usable, 384 simulated (0.66 kept, 24s)
  366/9000 usable, 576 simulated (0.64 kept, 33s)
  493/9000 usable, 768 simulated (0.64 kept, 44s)
  610/9000 usable, 960 simulated (0.64 kept, 56s)
  745/9000 usable, 1152 simulated (0.65 kept, 67s)
  884/9000 usable, 1344 simulated (0.66 kept, 80s)
  1016/9000 usable, 1536 simulated (0.66 kept, 94s)
  1142/9000 usable, 1728 simulated (0.66 kept, 107s)
  1270/9000 usable, 1920 simulated (0.66 kept, 122s)
  1401/9000 usable, 2112 simulated (0.66 kept, 136s)
  1518/9000 usable, 2304 simulated (0.66 kept, 150s)
  1659/9000 usable, 2496 simulated (0.66 kept, 169s)
  1783/9000 usable, 2688 simulated (0.66 kept, 184s)
  1910/9000 usable, 2880 simulated (0.66 kept, 197s)
  2041/9000 usable, 3072 simulated (0.66 kept, 209s)
  2173/9000 usable, 3264 simulated (0.67 kept, 221s)
  2295/9000 usable, 3456 simulated (0.66 kept, 234s)
  2423/9000 usable, 3648 simulated (0.66 kept, 248s)
  2551/9000 usable, 3840 simulated (0.66 kept, 259s)
  2676/9000 usable, 4032 simulated (0.66 kept, 270s)
  2798/9000 usable, 4224 simulated (0.66 kept, 282s)
  2927/9000 usable, 4416 simulated (0.66 kept, 294s)
  3048/9000 usable, 4608 simulated (0.66 kept, 308s)
  3180/9000 usable, 4800 simulated (0.66 kept, 320s)
  3303/9000 usable, 4992 simulated (0.66 kept, 333s)
  3442/9000 usable, 5184 simulated (0.66 kept, 341s)
  3557/9000 usable, 5376 simulated (0.66 kept, 347s)
  3678/9000 usable, 5568 simulated (0.66 kept, 354s)
  3798/9000 usable, 5760 simulated (0.66 kept, 361s)
  3913/9000 usable, 5952 simulated (0.66 kept, 367s)
  4036/9000 usable, 6144 simulated (0.66 kept, 373s)
  4168/9000 usable, 6336 simulated (0.66 kept, 380s)
  4285/9000 usable, 6528 simulated (0.66 kept, 386s)
  4419/9000 usable, 6720 simulated (0.66 kept, 392s)
  4547/9000 usable, 6912 simulated (0.66 kept, 399s)
  4670/9000 usable, 7104 simulated (0.66 kept, 406s)
  4811/9000 usable, 7296 simulated (0.66 kept, 412s)
  4926/9000 usable, 7488 simulated (0.66 kept, 419s)
  5057/9000 usable, 7680 simulated (0.66 kept, 424s)
  5181/9000 usable, 7872 simulated (0.66 kept, 431s)
  5302/9000 usable, 8064 simulated (0.66 kept, 437s)
  5427/9000 usable, 8256 simulated (0.66 kept, 443s)
  5554/9000 usable, 8448 simulated (0.66 kept, 450s)
  5677/9000 usable, 8640 simulated (0.66 kept, 456s)
  5810/9000 usable, 8832 simulated (0.66 kept, 463s)
  5930/9000 usable, 9024 simulated (0.66 kept, 470s)
  6060/9000 usable, 9216 simulated (0.66 kept, 476s)
  6172/9000 usable, 9408 simulated (0.66 kept, 482s)
  6306/9000 usable, 9600 simulated (0.66 kept, 490s)
  6423/9000 usable, 9792 simulated (0.66 kept, 495s)
  6549/9000 usable, 9984 simulated (0.66 kept, 502s)
  6672/9000 usable, 10176 simulated (0.66 kept, 509s)
  6797/9000 usable, 10368 simulated (0.66 kept, 515s)
  6930/9000 usable, 10560 simulated (0.66 kept, 522s)
  7062/9000 usable, 10752 simulated (0.66 kept, 528s)
  7184/9000 usable, 10944 simulated (0.66 kept, 535s)
  7308/9000 usable, 11136 simulated (0.66 kept, 542s)
  7438/9000 usable, 11328 simulated (0.66 kept, 548s)
  7574/9000 usable, 11520 simulated (0.66 kept, 555s)
  7701/9000 usable, 11712 simulated (0.66 kept, 561s)
  7824/9000 usable, 11904 simulated (0.66 kept, 569s)
  7950/9000 usable, 12096 simulated (0.66 kept, 576s)
  8080/9000 usable, 12288 simulated (0.66 kept, 581s)
  8197/9000 usable, 12480 simulated (0.66 kept, 587s)
  8326/9000 usable, 12672 simulated (0.66 kept, 594s)
  8452/9000 usable, 12864 simulated (0.66 kept, 600s)
  8583/9000 usable, 13056 simulated (0.66 kept, 607s)
  8705/9000 usable, 13248 simulated (0.66 kept, 613s)
  8828/9000 usable, 13440 simulated (0.66 kept, 620s)
  8956/9000 usable, 13632 simulated (0.66 kept, 627s)
  9085/9000 usable, 13824 simulated (0.66 kept, 634s)
fitting the electrode-array readout ...
fitting the 2 Hz calcium readout ...
fitting both together ...

chip parameter    electrodes r  calcium r  elec info  ca info
p_cross                  0.159      0.211       0.31     0.06
direction_sel            0.007      0.042       0.30     0.01
g_cross                  0.281      0.303       0.32     0.18
tgt_autonomy             0.325      0.375       0.35     0.17
wrote results/chip_study.json
