simulating 30000 chips, three perfusions each ...
  184/30000 usable of 192 (9s)
  372/30000 usable of 384 (17s)
  557/30000 usable of 576 (25s)
  741/30000 usable of 768 (34s)
  926/30000 usable of 960 (43s)
  1113/30000 usable of 1152 (51s)
  1298/30000 usable of 1344 (58s)
  1485/30000 usable of 1536 (66s)
  1670/30000 usable of 1728 (75s)
  1856/30000 usable of 1920 (83s)
  2036/30000 usable of 2112 (90s)
  2219/30000 usable of 2304 (97s)
  2402/30000 usable of 2496 (106s)
  2586/30000 usable of 2688 (113s)
  2770/30000 usable of 2880 (121s)
  2953/30000 usable of 3072 (129s)
  3140/30000 usable of 3264 (138s)
  3325/30000 usable of 3456 (147s)
  3511/30000 usable of 3648 (154s)
  3699/30000 usable of 3840 (162s)
  3884/30000 usable of 4032 (171s)
  4069/30000 usable of 4224 (179s)
  4258/30000 usable of 4416 (186s)
  4440/30000 usable of 4608 (194s)
  4625/30000 usable of 4800 (202s)
  4807/30000 usable of 4992 (209s)
  4993/30000 usable of 5184 (218s)
  5174/30000 usable of 5376 (226s)
  5357/30000 usable of 5568 (235s)
  5542/30000 usable of 5760 (242s)
  5723/30000 usable of 5952 (252s)
  5903/30000 usable of 6144 (259s)
  6089/30000 usable of 6336 (267s)
  6274/30000 usable of 6528 (275s)
  6459/30000 usable of 6720 (283s)
  6642/30000 usable of 6912 (290s)
  6822/30000 usable of 7104 (298s)
  7010/30000 usable of 7296 (307s)
  7195/30000 usable of 7488 (316s)
  7384/30000 usable of 7680 (324s)
  7568/30000 usable of 7872 (333s)
  7754/30000 usable of 8064 (341s)
  7936/30000 usable of 8256 (349s)
  8119/30000 usable of 8448 (357s)
  8304/30000 usable of 8640 (366s)
  8490/30000 usable of 8832 (375s)
  8670/30000 usable of 9024 (383s)
  8854/30000 usable of 9216 (390s)
  9038/30000 usable of 9408 (399s)
  9226/30000 usable of 9600 (407s)
  9411/30000 usable of 9792 (414s)
  9596/30000 usable of 9984 (423s)
  9779/30000 usable of 10176 (431s)
  9963/30000 usable of 10368 (440s)
  10145/30000 usable of 10560 (448s)
  10331/30000 usable of 10752 (455s)
  10512/30000 usable of 10944 (463s)
  10696/30000 usable of 11136 (472s)
  10883/30000 usable of 11328 (480s)
  11070/30000 usable of 11520 (487s)
  11254/30000 usable of 11712 (496s)
  11437/30000 usable of 11904 (505s)
  11616/30000 usable of 12096 (513s)
  11806/30000 usable of 12288 (520s)
  11992/30000 usable of 12480 (527s)
  12174/30000 usable of 12672 (537s)
  12358/30000 usable of 12864 (545s)
  12537/30000 usable of 13056 (555s)
  12719/30000 usable of 13248 (562s)
  12902/30000 usable of 13440 (570s)
  13087/30000 usable of 13632 (579s)
  13276/30000 usable of 13824 (587s)
  13463/30000 usable of 14016 (594s)
  13651/30000 usable of 14208 (601s)
  13836/30000 usable of 14400 (610s)
  14020/30000 usable of 14592 (619s)
  14206/30000 usable of 14784 (627s)
  14390/30000 usable of 14976 (635s)
  14577/30000 usable of 15168 (642s)
  14760/30000 usable of 15360 (651s)
  14948/30000 usable of 15552 (661s)
  15136/30000 usable of 15744 (668s)
  15322/30000 usable of 15936 (675s)
  15507/30000 usable of 16128 (684s)
  15689/30000 usable of 16320 (692s)
  15875/30000 usable of 16512 (699s)
  16065/30000 usable of 16704 (708s)
  16247/30000 usable of 16896 (717s)
  16428/30000 usable of 17088 (725s)
  16612/30000 usable of 17280 (732s)
  16795/30000 usable of 17472 (741s)
  16976/30000 usable of 17664 (749s)
  17164/30000 usable of 17856 (756s)
  17349/30000 usable of 18048 (764s)
  17532/30000 usable of 18240 (772s)
  17715/30000 usable of 18432 (779s)
  17897/30000 usable of 18624 (787s)
  18083/30000 usable of 18816 (796s)
  18273/30000 usable of 19008 (804s)
  18462/30000 usable of 19200 (812s)
  18652/30000 usable of 19392 (819s)
  18841/30000 usable of 19584 (829s)
  19024/30000 usable of 19776 (837s)
  19211/30000 usable of 19968 (844s)
  19394/30000 usable of 20160 (853s)
  19580/30000 usable of 20352 (862s)
  19760/30000 usable of 20544 (869s)
  19947/30000 usable of 20736 (878s)
  20135/30000 usable of 20928 (887s)
  20321/30000 usable of 21120 (895s)
  20506/30000 usable of 21312 (902s)
  20688/30000 usable of 21504 (910s)
  20871/30000 usable of 21696 (919s)
  21055/30000 usable of 21888 (926s)
  21242/30000 usable of 22080 (933s)
  21429/30000 usable of 22272 (942s)
  21615/30000 usable of 22464 (951s)
  21801/30000 usable of 22656 (959s)
  21982/30000 usable of 22848 (966s)
  22167/30000 usable of 23040 (975s)
  22354/30000 usable of 23232 (984s)
  22541/30000 usable of 23424 (992s)
  22728/30000 usable of 23616 (998s)
  22912/30000 usable of 23808 (1008s)
  23098/30000 usable of 24000 (1016s)
  23283/30000 usable of 24192 (1024s)
  23468/30000 usable of 24384 (1031s)
  23656/30000 usable of 24576 (1041s)
  23840/30000 usable of 24768 (1050s)
  24021/30000 usable of 24960 (1057s)
  24202/30000 usable of 25152 (1065s)
  24382/30000 usable of 25344 (1074s)
  24566/30000 usable of 25536 (1082s)
  24753/30000 usable of 25728 (1092s)
  24940/30000 usable of 25920 (1101s)
  25121/30000 usable of 26112 (1108s)
  25305/30000 usable of 26304 (1116s)
  25488/30000 usable of 26496 (1124s)
  25675/30000 usable of 26688 (1133s)
  25858/30000 usable of 26880 (1140s)
  26042/30000 usable of 27072 (1148s)
  26225/30000 usable of 27264 (1157s)
  26411/30000 usable of 27456 (1166s)
  26596/30000 usable of 27648 (1172s)
  26780/30000 usable of 27840 (1180s)
  26970/30000 usable of 28032 (1189s)
  27156/30000 usable of 28224 (1196s)
  27343/30000 usable of 28416 (1204s)
  27526/30000 usable of 28608 (1213s)
  27715/30000 usable of 28800 (1222s)
  27901/30000 usable of 28992 (1232s)
  28087/30000 usable of 29184 (1239s)
  28275/30000 usable of 29376 (1247s)
  28459/30000 usable of 29568 (1256s)
  28646/30000 usable of 29760 (1266s)
  28832/30000 usable of 29952 (1274s)
  29017/30000 usable of 30144 (1281s)
  29204/30000 usable of 30336 (1288s)
  29390/30000 usable of 30528 (1297s)
  29576/30000 usable of 30720 (1307s)
  29757/30000 usable of 30912 (1314s)
  29941/30000 usable of 31104 (1321s)
  30131/30000 usable of 31296 (1330s)
fitting compartment (84 statistics) ...
fitting calcium_2hz (12 statistics) ...
fitting channel (4 statistics) ...
fitting perfusion (88 statistics) ...
fitting compartment+channel (88 statistics) ...
NMDA check against Lassus et al. ...

recovery r                 compartment           calcium_2hz               channel             perfusion   compartment+channel
p_cross                          0.170                 0.158                 0.587                 0.231                 0.726
direction_sel                   -0.009                 0.018                 0.366                 0.106                 0.446
g_cross                          0.262                 0.263                 0.033                 0.348                 0.284
tgt_autonomy                     0.389                 0.328                 0.139                 0.399                 0.406
coverage 90     
p_cross                           0.93                  0.89                  0.89                  0.88                  0.90
direction_sel                     0.95                  0.92                  0.88                  0.96                  0.91
g_cross                           0.91                  0.90                  0.89                  0.90                  0.93
tgt_autonomy                      0.90                  0.89                  0.89                  0.91                  0.92
{"n_strong": 1060, "n_symmetric": 729, "channel_dominant_share_auroc": 0.7753733467919351, "compartment_asymmetry_auroc": 0.5220009317493595}
{"chips": 191, "target_frequency_lower": 0.3036649214659686, "target_synchrony_lower": 0.32460732984293195, "published_direction": "both lower (Lassus et al. 2018, ifenprodil)"}
wrote results/chip_study.json
